2026-09-12 21:25:30,306 INFO o.a.j.u.JMeterUtils: Setting Locale to en_EN
2026-09-12 21:25:30,315 INFO o.a.j.JMeter: Loading user properties from: /opt/homebrew/Cellar/jmeter/5.6.3/libexec/bin/user.properties
2026-09-12 21:25:30,315 INFO o.a.j.JMeter: Loading system properties from: /opt/homebrew/Cellar/jmeter/5.6.3/libexec/bin/system.properties
2026-09-12 21:25:30,317 INFO o.a.j.JMeter: Copyright (c) 1998-2024 The Apache Software Foundation
2026-09-12 21:25:30,317 INFO o.a.j.JMeter: Version 5.6.3
2026-09-12 21:25:30,317 INFO o.a.j.JMeter: java.version=21.0.12.1
2026-09-12 21:25:30,317 INFO o.a.j.JMeter: java.vm.name=OpenJDK 64-Bit Server VM
2026-09-12 21:25:30,317 INFO o.a.j.JMeter: os.name=Mac OS X
2026-09-12 21:25:30,317 INFO o.a.j.JMeter: os.arch=aarch64
2026-09-12 21:25:30,317 INFO o.a.j.JMeter: os.version=15.6
2026-09-12 21:25:30,317 INFO o.a.j.JMeter: file.encoding=UTF-8
2026-09-12 21:25:30,317 INFO o.a.j.JMeter: java.awt.headless=null
2026-09-12 21:25:30,318 INFO o.a.j.JMeter: Max memory     =1073741824
2026-09-12 21:25:30,318 INFO o.a.j.JMeter: Available Processors =16
2026-09-12 21:25:30,321 INFO o.a.j.JMeter: Default Locale=English (EN)
2026-09-12 21:25:30,321 INFO o.a.j.JMeter: JMeter  Locale=English (EN)
2026-09-12 21:25:30,321 INFO o.a.j.JMeter: JMeterHome=/opt/homebrew/Cellar/jmeter/5.6.3/libexec
2026-09-12 21:25:30,321 INFO o.a.j.JMeter: user.dir  =/Users/anuj/Downloads/razorpay-project/k8s
2026-09-12 21:25:30,321 INFO o.a.j.JMeter: PWD       =/Users/anuj/Downloads/razorpay-project/k8s
2026-09-12 21:25:30,329 INFO o.a.j.JMeter: IP: 192.168.1.6 Name: Unknown_e6:25:fb:0d:18:e6 FullName: unknown_e6:25:fb:0d:18:e6
2026-09-12 21:25:30,335 INFO o.a.j.JMeter: Loaded icon properties from org/apache/jmeter/images/icon.properties
2026-09-12 21:25:30,569 INFO o.a.j.JMeterGuiLauncher: Setting LAF to: com.github.weisj.darklaf.DarkLaf:com.github.weisj.darklaf.theme.DarculaTheme
2026-09-12 21:25:31,391 INFO o.a.j.r.ClassFinder: Will scan jar /opt/homebrew/Cellar/jmeter/5.6.3/libexec/lib/ext/jmeter-plugins-manager-1.9.jar with filter ExtendsClassFilter [parents=[interface org.apache.jmeter.gui.action.Command], inner=false, contains=null, notContains=null]. Consider exposing JMeter plugins via META-INF/services, and add JMeter-Skip-Class-Scanning=true manifest attribute so JMeter can skip classfile scanning
2026-09-12 21:25:31,463 INFO o.a.j.r.ClassFinder: Will scan jar /opt/homebrew/Cellar/jmeter/5.6.3/libexec/lib/ext/jmeter-plugins-manager-1.9.jar with filter ExtendsClassFilter [parents=[interface org.apache.jmeter.gui.plugin.MenuCreator], inner=false, contains=null, notContains=null]. Consider exposing JMeter plugins via META-INF/services, and add JMeter-Skip-Class-Scanning=true manifest attribute so JMeter can skip classfile scanning
2026-09-12 21:25:31,519 INFO o.j.r.JARSourceHTTP: Found cached repo
2026-09-12 21:25:31,587 INFO o.j.r.PluginManager: Plugins Status: [jpgc-plugins-manager=1.9, jmeter-core=5.6.3, jmeter-ftp=5.6.3, jmeter-http=5.6.3, jmeter-jdbc=5.6.3, jmeter-jms=5.6.3, jmeter-junit=5.6.3, jmeter-java=5.6.3, jmeter-ldap=5.6.3, jmeter-mail=5.6.3, jmeter-mongodb=5.6.3, jmeter-native=5.6.3, jmeter-tcp=5.6.3, jmeter-components=5.6.3]
2026-09-12 21:25:31,588 INFO o.j.r.PluginManagerMenuItem: Plugins Manager has upgrades: [jpgc-plugins-manager]
2026-09-12 22:12:40,858 INFO o.a.j.s.FileServer: Default base='/Users/anuj/Downloads/razorpay-project/k8s'
2026-09-12 22:12:40,860 INFO o.a.j.s.FileServer: Set new base='/Users/anuj/Downloads/razorpay-project/k8s'
2026-09-12 22:12:40,945 INFO o.a.j.s.SaveService: Testplan (JMX) version: 2.2. Testlog (JTL) version: 2.2
2026-09-12 22:12:40,948 INFO o.a.j.s.SaveService: Using SaveService properties version 5.0
2026-09-12 22:12:40,949 INFO o.a.j.s.SaveService: Using SaveService properties file encoding UTF-8
2026-09-12 22:13:50,219 INFO o.a.j.p.h.s.HTTPSamplerBase: Parser for text/html is org.apache.jmeter.protocol.http.parser.LagartoBasedHtmlParser
2026-09-12 22:13:50,219 INFO o.a.j.p.h.s.HTTPSamplerBase: Parser for application/xhtml+xml is org.apache.jmeter.protocol.http.parser.LagartoBasedHtmlParser
2026-09-12 22:13:50,219 INFO o.a.j.p.h.s.HTTPSamplerBase: Parser for application/xml is org.apache.jmeter.protocol.http.parser.LagartoBasedHtmlParser
2026-09-12 22:13:50,219 INFO o.a.j.p.h.s.HTTPSamplerBase: Parser for text/xml is org.apache.jmeter.protocol.http.parser.LagartoBasedHtmlParser
2026-09-12 22:13:50,219 INFO o.a.j.p.h.s.HTTPSamplerBase: Parser for text/vnd.wap.wml is org.apache.jmeter.protocol.http.parser.RegexpHTMLParser
2026-09-12 22:13:50,219 INFO o.a.j.p.h.s.HTTPSamplerBase: Parser for text/css is org.apache.jmeter.protocol.http.parser.CssParser
2026-09-12 22:28:01,510 INFO o.a.j.s.SampleResult: Note: Sample TimeStamps are START times
2026-09-12 22:28:01,511 INFO o.a.j.s.SampleResult: sampleresult.default.encoding is set to UTF-8
2026-09-12 22:28:01,511 INFO o.a.j.s.SampleResult: sampleresult.useNanoTime=true
2026-09-12 22:28:01,511 INFO o.a.j.s.SampleResult: sampleresult.nanoThreadSleep=5000
2026-09-12 22:28:01,572 INFO o.a.j.r.ClassFinder: Will scan jar /opt/homebrew/Cellar/jmeter/5.6.3/libexec/lib/ext/jmeter-plugins-manager-1.9.jar with filter ExtendsClassFilter [parents=[interface org.apache.jmeter.visualizers.ResultRenderer], inner=false, contains=null, notContains=null]. Consider exposing JMeter plugins via META-INF/services, and add JMeter-Skip-Class-Scanning=true manifest attribute so JMeter can skip classfile scanning
2026-09-12 22:28:01,580 INFO o.a.j.r.ClassFinder: Will scan jar /opt/homebrew/Cellar/jmeter/5.6.3/libexec/lib/ext/jmeter-plugins-manager-1.9.jar with filter ExtendsClassFilter [parents=[interface org.apache.jmeter.visualizers.RequestView], inner=false, contains=null, notContains=null]. Consider exposing JMeter plugins via META-INF/services, and add JMeter-Skip-Class-Scanning=true manifest attribute so JMeter can skip classfile scanning
2026-09-12 22:28:59,634 INFO o.a.j.e.StandardJMeterEngine: Running the test!
2026-09-12 22:28:59,635 INFO o.a.j.s.SampleEvent: List of sample_variables: []
2026-09-12 22:28:59,635 INFO o.a.j.s.SampleEvent: List of sample_variables: []
2026-09-12 22:28:59,636 INFO o.a.j.e.u.CompoundVariable: Note: Function class names must contain the string: '.functions.'
2026-09-12 22:28:59,636 INFO o.a.j.e.u.CompoundVariable: Note: Function class names must not contain the string: '.gui.'
2026-09-12 22:28:59,665 INFO o.a.j.r.ClassFinder: Will scan jar /opt/homebrew/Cellar/jmeter/5.6.3/libexec/lib/ext/jmeter-plugins-manager-1.9.jar with filter ExtendsClassFilter [parents=[interface org.apache.jmeter.functions.Function], inner=false, contains=null, notContains=null]. Consider exposing JMeter plugins via META-INF/services, and add JMeter-Skip-Class-Scanning=true manifest attribute so JMeter can skip classfile scanning
2026-09-12 22:28:59,669 INFO o.a.j.g.u.JMeterMenuBar: setRunning(true, *local*)
2026-09-12 22:28:59,717 INFO o.a.j.e.StandardJMeterEngine: Starting ThreadGroup: 1 : Load Test Thread Group
2026-09-12 22:28:59,717 INFO o.a.j.e.StandardJMeterEngine: Starting 1 threads for group Load Test Thread Group.
2026-09-12 22:28:59,717 INFO o.a.j.e.StandardJMeterEngine: Thread will stop on error
2026-09-12 22:28:59,717 INFO o.a.j.t.ThreadGroup: Starting thread group... number=1 threads=1 ramp-up=1 delayedStart=false
2026-09-12 22:28:59,719 INFO o.a.j.t.ThreadGroup: Started thread group number 1
2026-09-12 22:28:59,719 INFO o.a.j.e.StandardJMeterEngine: All thread groups have been started
2026-09-12 22:28:59,719 INFO o.a.j.t.JMeterThread: Thread started: Load Test Thread Group 1-1
2026-09-12 22:28:59,722 INFO o.a.j.p.h.s.HTTPHCAbstractImpl: Local host = Unknown_e6:25:fb:0d:18:e6
2026-09-12 22:28:59,726 INFO o.a.j.p.h.s.HTTPHC4Impl: HTTP request retry count = 0
2026-09-12 22:29:00,588 INFO o.a.j.t.JMeterThread: Thread is done: Load Test Thread Group 1-1
2026-09-12 22:29:00,588 INFO o.a.j.t.JMeterThread: Thread finished: Load Test Thread Group 1-1
2026-09-12 22:29:00,590 INFO o.a.j.e.StandardJMeterEngine: Notifying test listeners of end of test
2026-09-12 22:29:00,590 INFO o.a.j.g.u.JMeterMenuBar: setRunning(false, *local*)
2026-09-12 22:41:48,738 INFO o.a.j.g.a.Load: Loading file: /Users/anuj/Downloads/Razorpay Load Testing.jmx
2026-09-12 22:41:48,739 INFO o.a.j.s.FileServer: Set new base='/Users/anuj/Downloads'
2026-09-12 22:41:48,739 INFO o.a.j.s.SaveService: Loading file: /Users/anuj/Downloads/Razorpay Load Testing.jmx
2026-09-12 22:41:48,742 WARN o.j.r.p.TestPlanAnalyzer: Failed read jmx file
java.io.FileNotFoundException: /Users/anuj/Downloads/Razorpay Load Testing.jmx (No such file or directory)
	at java.base/java.io.FileInputStream.open0(Native Method) ~[?:?]
	at java.base/java.io.FileInputStream.open(FileInputStream.java:213) ~[?:?]
	at java.base/java.io.FileInputStream.<init>(FileInputStream.java:152) ~[?:?]
	at org.jmeterplugins.repository.plugins.TestPlanAnalyzer.readBytesFromFile(TestPlanAnalyzer.java:68) ~[jmeter-plugins-manager-1.9.jar:?]
	at org.jmeterplugins.repository.plugins.TestPlanAnalyzer.getNodeListWithClassNames(TestPlanAnalyzer.java:111) ~[jmeter-plugins-manager-1.9.jar:?]
	at org.jmeterplugins.repository.plugins.TestPlanAnalyzer.analyze(TestPlanAnalyzer.java:37) ~[jmeter-plugins-manager-1.9.jar:?]
	at org.jmeterplugins.repository.plugins.PluginSuggester.analyzeTestPlan(PluginSuggester.java:51) ~[jmeter-plugins-manager-1.9.jar:?]
	at org.jmeterplugins.repository.plugins.PluginSuggester.findPluginsToInstall(PluginSuggester.java:44) ~[jmeter-plugins-manager-1.9.jar:?]
	at org.jmeterplugins.repository.plugins.PluginSuggester.checkAndSuggest(PluginSuggester.java:28) ~[jmeter-plugins-manager-1.9.jar:?]
	at org.jmeterplugins.repository.logging.LoggerAppender.append(LoggerAppender.java:33) ~[jmeter-plugins-manager-1.9.jar:?]
	at org.apache.logging.log4j.core.config.AppenderControl.tryCallAppender(AppenderControl.java:160) ~[log4j-core-2.22.1.jar:2.22.1]
	at org.apache.logging.log4j.core.config.AppenderControl.callAppender0(AppenderControl.java:133) ~[log4j-core-2.22.1.jar:2.22.1]
	at org.apache.logging.log4j.core.config.AppenderControl.callAppenderPreventRecursion(AppenderControl.java:124) ~[log4j-core-2.22.1.jar:2.22.1]
	at org.apache.logging.log4j.core.config.AppenderControl.callAppender(AppenderControl.java:88) ~[log4j-core-2.22.1.jar:2.22.1]
	at org.apache.logging.log4j.core.config.LoggerConfig.callAppenders(LoggerConfig.java:705) ~[log4j-core-2.22.1.jar:2.22.1]
	at org.apache.logging.log4j.core.config.LoggerConfig.processLogEvent(LoggerConfig.java:663) ~[log4j-core-2.22.1.jar:2.22.1]
	at org.apache.logging.log4j.core.config.LoggerConfig.log(LoggerConfig.java:639) ~[log4j-core-2.22.1.jar:2.22.1]
	at org.apache.logging.log4j.core.config.LoggerConfig.log(LoggerConfig.java:575) ~[log4j-core-2.22.1.jar:2.22.1]
	at org.apache.logging.log4j.core.config.AwaitCompletionReliabilityStrategy.log(AwaitCompletionReliabilityStrategy.java:92) ~[log4j-core-2.22.1.jar:2.22.1]
	at org.apache.logging.log4j.core.Logger.log(Logger.java:169) ~[log4j-core-2.22.1.jar:2.22.1]
	at org.apache.logging.log4j.spi.AbstractLogger.tryLogMessage(AbstractLogger.java:2933) ~[log4j-api-2.22.1.jar:2.22.1]
	at org.apache.logging.log4j.spi.AbstractLogger.logMessageTrackRecursion(AbstractLogger.java:2886) ~[log4j-api-2.22.1.jar:2.22.1]
	at org.apache.logging.log4j.spi.AbstractLogger.logMessageSafely(AbstractLogger.java:2868) ~[log4j-api-2.22.1.jar:2.22.1]
	at org.apache.logging.log4j.spi.AbstractLogger.logMessage(AbstractLogger.java:2664) ~[log4j-api-2.22.1.jar:2.22.1]
	at org.apache.logging.log4j.spi.AbstractLogger.logIfEnabled(AbstractLogger.java:2429) ~[log4j-api-2.22.1.jar:2.22.1]
	at org.apache.logging.slf4j.Log4jLogger.info(Log4jLogger.java:184) ~[log4j-slf4j-impl-2.22.1.jar:2.22.1]
	at org.apache.jmeter.save.SaveService.loadTree(SaveService.java:425) ~[ApacheJMeter_core.jar:5.6.3]
	at org.apache.jmeter.gui.action.Load.loadProjectFile(Load.java:131) ~[ApacheJMeter_core.jar:5.6.3]
	at org.apache.jmeter.gui.action.Load.loadProjectFile(Load.java:103) ~[ApacheJMeter_core.jar:5.6.3]
	at org.apache.jmeter.gui.action.Load.doActionAfterCheck(Load.java:90) ~[ApacheJMeter_core.jar:5.6.3]
	at org.apache.jmeter.gui.action.AbstractActionWithNoRunningTest.doAction(AbstractActionWithNoRunningTest.java:44) ~[ApacheJMeter_core.jar:5.6.3]
	at org.apache.jmeter.gui.action.ActionRouter.performAction(ActionRouter.java:83) ~[ApacheJMeter_core.jar:5.6.3]
	at org.apache.jmeter.gui.action.ActionRouter.lambda$actionPerformed$0(ActionRouter.java:65) ~[ApacheJMeter_core.jar:5.6.3]
	at java.desktop/java.awt.event.InvocationEvent.dispatch(InvocationEvent.java:318) ~[?:?]
	at java.desktop/java.awt.EventQueue.dispatchEventImpl(EventQueue.java:773) ~[?:?]
	at java.desktop/java.awt.EventQueue$4.run(EventQueue.java:720) ~[?:?]
	at java.desktop/java.awt.EventQueue$4.run(EventQueue.java:714) ~[?:?]
	at java.base/java.security.AccessController.doPrivileged(AccessController.java:400) [?:?]
	at java.base/java.security.ProtectionDomain$JavaSecurityAccessImpl.doIntersectionPrivilege(ProtectionDomain.java:87) [?:?]
	at java.desktop/java.awt.EventQueue.dispatchEvent(EventQueue.java:742) [?:?]
	at java.desktop/java.awt.EventDispatchThread.pumpOneEventForFilters(EventDispatchThread.java:203) [?:?]
	at java.desktop/java.awt.EventDispatchThread.pumpEventsForFilter(EventDispatchThread.java:124) [?:?]
	at java.desktop/java.awt.EventDispatchThread.pumpEventsForHierarchy(EventDispatchThread.java:113) [?:?]
	at java.desktop/java.awt.EventDispatchThread.pumpEvents(EventDispatchThread.java:109) [?:?]
	at java.desktop/java.awt.EventDispatchThread.pumpEvents(EventDispatchThread.java:101) [?:?]
	at java.desktop/java.awt.EventDispatchThread.run(EventDispatchThread.java:90) [?:?]
2026-09-12 22:41:48,763 WARN o.j.r.p.TestPlanAnalyzer: Cannot parse file: /Users/anuj/Downloads/Razorpay Load Testing.jmx
org.xml.sax.SAXParseException: Premature end of file.
	at org.apache.xerces.parsers.DOMParser.parse(Unknown Source) ~[xercesImpl-2.12.2.jar:?]
	at org.apache.xerces.jaxp.DocumentBuilderImpl.parse(Unknown Source) ~[xercesImpl-2.12.2.jar:?]
	at java.xml/javax.xml.parsers.DocumentBuilder.parse(DocumentBuilder.java:122) ~[?:?]
	at org.jmeterplugins.repository.plugins.TestPlanAnalyzer.getNodeListWithClassNames(TestPlanAnalyzer.java:112) ~[jmeter-plugins-manager-1.9.jar:?]
	at org.jmeterplugins.repository.plugins.TestPlanAnalyzer.analyze(TestPlanAnalyzer.java:37) ~[jmeter-plugins-manager-1.9.jar:?]
	at org.jmeterplugins.repository.plugins.PluginSuggester.analyzeTestPlan(PluginSuggester.java:51) ~[jmeter-plugins-manager-1.9.jar:?]
	at org.jmeterplugins.repository.plugins.PluginSuggester.findPluginsToInstall(PluginSuggester.java:44) ~[jmeter-plugins-manager-1.9.jar:?]
	at org.jmeterplugins.repository.plugins.PluginSuggester.checkAndSuggest(PluginSuggester.java:28) ~[jmeter-plugins-manager-1.9.jar:?]
	at org.jmeterplugins.repository.logging.LoggerAppender.append(LoggerAppender.java:33) ~[jmeter-plugins-manager-1.9.jar:?]
	at org.apache.logging.log4j.core.config.AppenderControl.tryCallAppender(AppenderControl.java:160) ~[log4j-core-2.22.1.jar:2.22.1]
	at org.apache.logging.log4j.core.config.AppenderControl.callAppender0(AppenderControl.java:133) ~[log4j-core-2.22.1.jar:2.22.1]
	at org.apache.logging.log4j.core.config.AppenderControl.callAppenderPreventRecursion(AppenderControl.java:124) ~[log4j-core-2.22.1.jar:2.22.1]
	at org.apache.logging.log4j.core.config.AppenderControl.callAppender(AppenderControl.java:88) ~[log4j-core-2.22.1.jar:2.22.1]
	at org.apache.logging.log4j.core.config.LoggerConfig.callAppenders(LoggerConfig.java:705) ~[log4j-core-2.22.1.jar:2.22.1]
	at org.apache.logging.log4j.core.config.LoggerConfig.processLogEvent(LoggerConfig.java:663) ~[log4j-core-2.22.1.jar:2.22.1]
	at org.apache.logging.log4j.core.config.LoggerConfig.log(LoggerConfig.java:639) ~[log4j-core-2.22.1.jar:2.22.1]
	at org.apache.logging.log4j.core.config.LoggerConfig.log(LoggerConfig.java:575) ~[log4j-core-2.22.1.jar:2.22.1]
	at org.apache.logging.log4j.core.config.AwaitCompletionReliabilityStrategy.log(AwaitCompletionReliabilityStrategy.java:92) ~[log4j-core-2.22.1.jar:2.22.1]
	at org.apache.logging.log4j.core.Logger.log(Logger.java:169) ~[log4j-core-2.22.1.jar:2.22.1]
	at org.apache.logging.log4j.spi.AbstractLogger.tryLogMessage(AbstractLogger.java:2933) ~[log4j-api-2.22.1.jar:2.22.1]
	at org.apache.logging.log4j.spi.AbstractLogger.logMessageTrackRecursion(AbstractLogger.java:2886) ~[log4j-api-2.22.1.jar:2.22.1]
	at org.apache.logging.log4j.spi.AbstractLogger.logMessageSafely(AbstractLogger.java:2868) ~[log4j-api-2.22.1.jar:2.22.1]
	at org.apache.logging.log4j.spi.AbstractLogger.logMessage(AbstractLogger.java:2664) ~[log4j-api-2.22.1.jar:2.22.1]
	at org.apache.logging.log4j.spi.AbstractLogger.logIfEnabled(AbstractLogger.java:2429) ~[log4j-api-2.22.1.jar:2.22.1]
	at org.apache.logging.slf4j.Log4jLogger.info(Log4jLogger.java:184) ~[log4j-slf4j-impl-2.22.1.jar:2.22.1]
	at org.apache.jmeter.save.SaveService.loadTree(SaveService.java:425) ~[ApacheJMeter_core.jar:5.6.3]
	at org.apache.jmeter.gui.action.Load.loadProjectFile(Load.java:131) ~[ApacheJMeter_core.jar:5.6.3]
	at org.apache.jmeter.gui.action.Load.loadProjectFile(Load.java:103) ~[ApacheJMeter_core.jar:5.6.3]
	at org.apache.jmeter.gui.action.Load.doActionAfterCheck(Load.java:90) ~[ApacheJMeter_core.jar:5.6.3]
	at org.apache.jmeter.gui.action.AbstractActionWithNoRunningTest.doAction(AbstractActionWithNoRunningTest.java:44) ~[ApacheJMeter_core.jar:5.6.3]
	at org.apache.jmeter.gui.action.ActionRouter.performAction(ActionRouter.java:83) ~[ApacheJMeter_core.jar:5.6.3]
	at org.apache.jmeter.gui.action.ActionRouter.lambda$actionPerformed$0(ActionRouter.java:65) ~[ApacheJMeter_core.jar:5.6.3]
	at java.desktop/java.awt.event.InvocationEvent.dispatch(InvocationEvent.java:318) ~[?:?]
	at java.desktop/java.awt.EventQueue.dispatchEventImpl(EventQueue.java:773) ~[?:?]
	at java.desktop/java.awt.EventQueue$4.run(EventQueue.java:720) ~[?:?]
	at java.desktop/java.awt.EventQueue$4.run(EventQueue.java:714) ~[?:?]
	at java.base/java.security.AccessController.doPrivileged(AccessController.java:400) [?:?]
	at java.base/java.security.ProtectionDomain$JavaSecurityAccessImpl.doIntersectionPrivilege(ProtectionDomain.java:87) [?:?]
	at java.desktop/java.awt.EventQueue.dispatchEvent(EventQueue.java:742) [?:?]
	at java.desktop/java.awt.EventDispatchThread.pumpOneEventForFilters(EventDispatchThread.java:203) [?:?]
	at java.desktop/java.awt.EventDispatchThread.pumpEventsForFilter(EventDispatchThread.java:124) [?:?]
	at java.desktop/java.awt.EventDispatchThread.pumpEventsForHierarchy(EventDispatchThread.java:113) [?:?]
	at java.desktop/java.awt.EventDispatchThread.pumpEvents(EventDispatchThread.java:109) [?:?]
	at java.desktop/java.awt.EventDispatchThread.pumpEvents(EventDispatchThread.java:101) [?:?]
	at java.desktop/java.awt.EventDispatchThread.run(EventDispatchThread.java:90) [?:?]
2026-09-12 22:41:48,763 WARN o.a.j.g.a.Load: Error reading file. java.io.FileNotFoundException: /Users/anuj/Downloads/Razorpay Load Testing.jmx (No such file or directory)
2026-09-12 22:41:48,764 ERROR o.a.j.u.JMeterUtils: /Users/anuj/Downloads/Razorpay Load Testing.jmx (No such file or directory)
2026-09-12 22:42:14,298 INFO o.a.j.g.a.Load: Loading file: /Users/anuj/Downloads/jmeter/full.jmx
2026-09-12 22:42:14,299 INFO o.a.j.s.FileServer: Set new base='/Users/anuj/Downloads/jmeter'
2026-09-12 22:42:14,299 INFO o.a.j.s.SaveService: Loading file: /Users/anuj/Downloads/jmeter/full.jmx
2026-09-12 22:42:14,477 INFO o.a.j.r.ClassFinder: Will scan jar /opt/homebrew/Cellar/jmeter/5.6.3/libexec/lib/ext/jmeter-plugins-manager-1.9.jar with filter ExtendsClassFilter [parents=[interface org.apache.jmeter.visualizers.ResultRenderer], inner=false, contains=null, notContains=null]. Consider exposing JMeter plugins via META-INF/services, and add JMeter-Skip-Class-Scanning=true manifest attribute so JMeter can skip classfile scanning
2026-09-12 22:42:14,489 INFO o.a.j.r.ClassFinder: Will scan jar /opt/homebrew/Cellar/jmeter/5.6.3/libexec/lib/ext/jmeter-plugins-manager-1.9.jar with filter ExtendsClassFilter [parents=[interface org.apache.jmeter.visualizers.RequestView], inner=false, contains=null, notContains=null]. Consider exposing JMeter plugins via META-INF/services, and add JMeter-Skip-Class-Scanning=true manifest attribute so JMeter can skip classfile scanning
2026-09-12 22:42:14,503 INFO o.a.j.s.FileServer: Set new base='/Users/anuj/Downloads/jmeter'
2026-09-12 22:54:07,746 INFO o.a.j.e.StandardJMeterEngine: Running the test!
2026-09-12 22:54:07,750 INFO o.a.j.s.SampleEvent: List of sample_variables: []
2026-09-12 22:54:07,759 INFO o.a.j.g.u.JMeterMenuBar: setRunning(true, *local*)
2026-09-12 22:54:07,760 INFO o.a.j.e.StandardJMeterEngine: Starting setUp thread groups
2026-09-12 22:54:07,760 INFO o.a.j.e.StandardJMeterEngine: Starting setUp ThreadGroup: 1 : Setup - Generate API Keys 
2026-09-12 22:54:07,760 INFO o.a.j.e.StandardJMeterEngine: Starting 1 threads for group Setup - Generate API Keys.
2026-09-12 22:54:07,760 INFO o.a.j.e.StandardJMeterEngine: Thread will stop on error
2026-09-12 22:54:07,760 INFO o.a.j.t.ThreadGroup: Starting thread group... number=1 threads=1 ramp-up=1 delayedStart=false
2026-09-12 22:54:07,761 INFO o.a.j.t.ThreadGroup: Started thread group number 1
2026-09-12 22:54:07,761 INFO o.a.j.e.StandardJMeterEngine: Waiting for all setup thread groups to exit
2026-09-12 22:54:07,761 INFO o.a.j.t.JMeterThread: Thread started: Setup - Generate API Keys 1-1
2026-09-12 22:54:08,151 INFO o.a.j.t.JMeterThread: Stop Thread detected by thread: Setup - Generate API Keys 1-1
2026-09-12 22:54:08,151 INFO o.a.j.t.JMeterThread: Thread finished: Setup - Generate API Keys 1-1
2026-09-12 22:54:08,151 INFO o.a.j.e.StandardJMeterEngine: All Setup Threads have ended
2026-09-12 22:54:08,193 INFO o.a.j.e.StandardJMeterEngine: Starting ThreadGroup: 1 : Load Test Thread Group
2026-09-12 22:54:08,194 INFO o.a.j.e.StandardJMeterEngine: Starting 10 threads for group Load Test Thread Group.
2026-09-12 22:54:08,194 INFO o.a.j.e.StandardJMeterEngine: Thread will continue on error
2026-09-12 22:54:08,194 INFO o.a.j.t.ThreadGroup: Starting thread group... number=1 threads=10 ramp-up=10 delayedStart=false
2026-09-12 22:54:08,196 INFO o.a.j.t.JMeterThread: Thread started: Load Test Thread Group 1-1
2026-09-12 22:54:08,196 INFO o.a.j.t.ThreadGroup: Started thread group number 1
2026-09-12 22:54:08,196 INFO o.a.j.e.StandardJMeterEngine: All thread groups have been started
2026-09-12 22:54:08,196 INFO o.a.j.s.FileServer: Stored: api_keys.csv
2026-09-12 22:54:08,249 INFO o.a.j.t.JMeterThread: Thread is done: Load Test Thread Group 1-1
2026-09-12 22:54:08,249 INFO o.a.j.t.JMeterThread: Thread finished: Load Test Thread Group 1-1
2026-09-12 22:54:09,197 INFO o.a.j.t.JMeterThread: Thread started: Load Test Thread Group 1-2
2026-09-12 22:54:09,257 INFO o.a.j.t.JMeterThread: Thread is done: Load Test Thread Group 1-2
2026-09-12 22:54:09,257 INFO o.a.j.t.JMeterThread: Thread finished: Load Test Thread Group 1-2
2026-09-12 22:54:10,195 INFO o.a.j.t.JMeterThread: Thread started: Load Test Thread Group 1-3
2026-09-12 22:54:10,235 INFO o.a.j.t.JMeterThread: Thread is done: Load Test Thread Group 1-3
2026-09-12 22:54:10,235 INFO o.a.j.t.JMeterThread: Thread finished: Load Test Thread Group 1-3
2026-09-12 22:54:11,195 INFO o.a.j.t.JMeterThread: Thread started: Load Test Thread Group 1-4
2026-09-12 22:54:11,250 INFO o.a.j.t.JMeterThread: Thread is done: Load Test Thread Group 1-4
2026-09-12 22:54:11,250 INFO o.a.j.t.JMeterThread: Thread finished: Load Test Thread Group 1-4
2026-09-12 22:54:12,198 INFO o.a.j.t.JMeterThread: Thread started: Load Test Thread Group 1-5
2026-09-12 22:54:12,270 INFO o.a.j.t.JMeterThread: Thread is done: Load Test Thread Group 1-5
2026-09-12 22:54:12,270 INFO o.a.j.t.JMeterThread: Thread finished: Load Test Thread Group 1-5
2026-09-12 22:54:13,196 INFO o.a.j.t.JMeterThread: Thread started: Load Test Thread Group 1-6
2026-09-12 22:54:13,252 INFO o.a.j.t.JMeterThread: Thread is done: Load Test Thread Group 1-6
2026-09-12 22:54:13,252 INFO o.a.j.t.JMeterThread: Thread finished: Load Test Thread Group 1-6
2026-09-12 22:54:14,196 INFO o.a.j.t.JMeterThread: Thread started: Load Test Thread Group 1-7
2026-09-12 22:54:14,237 INFO o.a.j.t.JMeterThread: Thread is done: Load Test Thread Group 1-7
2026-09-12 22:54:14,237 INFO o.a.j.t.JMeterThread: Thread finished: Load Test Thread Group 1-7
2026-09-12 22:54:15,195 INFO o.a.j.t.JMeterThread: Thread started: Load Test Thread Group 1-8
2026-09-12 22:54:15,256 INFO o.a.j.t.JMeterThread: Thread is done: Load Test Thread Group 1-8
2026-09-12 22:54:15,256 INFO o.a.j.t.JMeterThread: Thread finished: Load Test Thread Group 1-8
2026-09-12 22:54:16,196 INFO o.a.j.t.JMeterThread: Thread started: Load Test Thread Group 1-9
2026-09-12 22:54:16,235 INFO o.a.j.t.JMeterThread: Thread is done: Load Test Thread Group 1-9
2026-09-12 22:54:16,235 INFO o.a.j.t.JMeterThread: Thread finished: Load Test Thread Group 1-9
2026-09-12 22:54:17,196 INFO o.a.j.t.JMeterThread: Thread started: Load Test Thread Group 1-10
2026-09-12 22:54:17,235 INFO o.a.j.t.JMeterThread: Thread is done: Load Test Thread Group 1-10
2026-09-12 22:54:17,235 INFO o.a.j.t.JMeterThread: Thread finished: Load Test Thread Group 1-10
2026-09-12 22:54:17,235 INFO o.a.j.e.StandardJMeterEngine: Notifying test listeners of end of test
2026-09-12 22:54:17,236 INFO o.a.j.s.FileServer: Close: api_keys.csv
2026-09-12 22:54:17,238 INFO o.a.j.g.u.JMeterMenuBar: setRunning(false, *local*)
2026-09-12 22:54:47,428 INFO o.a.j.e.StandardJMeterEngine: Running the test!
2026-09-12 22:54:47,429 INFO o.a.j.s.SampleEvent: List of sample_variables: []
2026-09-12 22:54:47,430 INFO o.a.j.g.u.JMeterMenuBar: setRunning(true, *local*)
2026-09-12 22:54:47,430 INFO o.a.j.e.StandardJMeterEngine: Starting setUp thread groups
2026-09-12 22:54:47,430 INFO o.a.j.e.StandardJMeterEngine: Starting setUp ThreadGroup: 1 : Setup - Generate API Keys 
2026-09-12 22:54:47,430 INFO o.a.j.e.StandardJMeterEngine: Starting 1 threads for group Setup - Generate API Keys.
2026-09-12 22:54:47,430 INFO o.a.j.e.StandardJMeterEngine: Thread will stop on error
2026-09-12 22:54:47,430 INFO o.a.j.t.ThreadGroup: Starting thread group... number=1 threads=1 ramp-up=1 delayedStart=false
2026-09-12 22:54:47,431 INFO o.a.j.t.ThreadGroup: Started thread group number 1
2026-09-12 22:54:47,431 INFO o.a.j.e.StandardJMeterEngine: Waiting for all setup thread groups to exit
2026-09-12 22:54:47,431 INFO o.a.j.t.JMeterThread: Thread started: Setup - Generate API Keys 1-1
2026-09-12 22:54:48,972 INFO o.a.j.t.JMeterThread: Thread is done: Setup - Generate API Keys 1-1
2026-09-12 22:54:48,972 INFO o.a.j.t.JMeterThread: Thread finished: Setup - Generate API Keys 1-1
2026-09-12 22:54:48,972 INFO o.a.j.e.StandardJMeterEngine: All Setup Threads have ended
2026-09-12 22:54:49,001 INFO o.a.j.e.StandardJMeterEngine: Starting ThreadGroup: 1 : Load Test Thread Group
2026-09-12 22:54:49,001 INFO o.a.j.e.StandardJMeterEngine: Starting 10 threads for group Load Test Thread Group.
2026-09-12 22:54:49,001 INFO o.a.j.e.StandardJMeterEngine: Thread will continue on error
2026-09-12 22:54:49,001 INFO o.a.j.t.ThreadGroup: Starting thread group... number=1 threads=10 ramp-up=10 delayedStart=false
2026-09-12 22:54:49,002 INFO o.a.j.t.JMeterThread: Thread started: Load Test Thread Group 1-1
2026-09-12 22:54:49,002 INFO o.a.j.s.FileServer: Stored: api_keys.csv
2026-09-12 22:54:49,003 INFO o.a.j.t.ThreadGroup: Started thread group number 1
2026-09-12 22:54:49,003 INFO o.a.j.e.StandardJMeterEngine: All thread groups have been started
2026-09-12 22:54:50,006 INFO o.a.j.t.JMeterThread: Thread started: Load Test Thread Group 1-2
2026-09-12 22:54:50,577 INFO o.a.j.t.JMeterThread: Thread is done: Load Test Thread Group 1-1
2026-09-12 22:54:50,577 INFO o.a.j.t.JMeterThread: Thread finished: Load Test Thread Group 1-1
2026-09-12 22:54:50,869 INFO o.a.j.t.JMeterThread: Thread is done: Load Test Thread Group 1-2
2026-09-12 22:54:50,869 INFO o.a.j.t.JMeterThread: Thread finished: Load Test Thread Group 1-2
2026-09-12 22:54:51,005 INFO o.a.j.t.JMeterThread: Thread started: Load Test Thread Group 1-3
2026-09-12 22:54:51,595 INFO o.a.j.t.JMeterThread: Thread is done: Load Test Thread Group 1-3
2026-09-12 22:54:51,595 INFO o.a.j.t.JMeterThread: Thread finished: Load Test Thread Group 1-3
2026-09-12 22:54:52,002 INFO o.a.j.t.JMeterThread: Thread started: Load Test Thread Group 1-4
2026-09-12 22:54:52,529 INFO o.a.j.t.JMeterThread: Thread is done: Load Test Thread Group 1-4
2026-09-12 22:54:52,529 INFO o.a.j.t.JMeterThread: Thread finished: Load Test Thread Group 1-4
2026-09-12 22:54:53,003 INFO o.a.j.t.JMeterThread: Thread started: Load Test Thread Group 1-5
2026-09-12 22:54:53,498 INFO o.a.j.t.JMeterThread: Thread is done: Load Test Thread Group 1-5
2026-09-12 22:54:53,503 INFO o.a.j.t.JMeterThread: Thread finished: Load Test Thread Group 1-5
2026-09-12 22:54:54,005 INFO o.a.j.t.JMeterThread: Thread started: Load Test Thread Group 1-6
2026-09-12 22:54:54,496 INFO o.a.j.t.JMeterThread: Thread is done: Load Test Thread Group 1-6
2026-09-12 22:54:54,496 INFO o.a.j.t.JMeterThread: Thread finished: Load Test Thread Group 1-6
2026-09-12 22:54:55,005 INFO o.a.j.t.JMeterThread: Thread started: Load Test Thread Group 1-7
2026-09-12 22:54:55,970 INFO o.a.j.t.JMeterThread: Thread is done: Load Test Thread Group 1-7
2026-09-12 22:54:55,970 INFO o.a.j.t.JMeterThread: Thread finished: Load Test Thread Group 1-7
2026-09-12 22:54:56,003 INFO o.a.j.t.JMeterThread: Thread started: Load Test Thread Group 1-8
2026-09-12 22:54:56,456 INFO o.a.j.t.JMeterThread: Thread is done: Load Test Thread Group 1-8
2026-09-12 22:54:56,456 INFO o.a.j.t.JMeterThread: Thread finished: Load Test Thread Group 1-8
2026-09-12 22:54:57,004 INFO o.a.j.t.JMeterThread: Thread started: Load Test Thread Group 1-9
2026-09-12 22:54:57,451 INFO o.a.j.t.JMeterThread: Thread is done: Load Test Thread Group 1-9
2026-09-12 22:54:57,451 INFO o.a.j.t.JMeterThread: Thread finished: Load Test Thread Group 1-9
2026-09-12 22:54:58,006 INFO o.a.j.t.JMeterThread: Thread started: Load Test Thread Group 1-10
2026-09-12 22:54:59,440 INFO o.a.j.t.JMeterThread: Thread is done: Load Test Thread Group 1-10
2026-09-12 22:54:59,441 INFO o.a.j.t.JMeterThread: Thread finished: Load Test Thread Group 1-10
2026-09-12 22:54:59,441 INFO o.a.j.e.StandardJMeterEngine: Notifying test listeners of end of test
2026-09-12 22:54:59,441 INFO o.a.j.s.FileServer: Close: api_keys.csv
2026-09-12 22:54:59,441 INFO o.a.j.g.u.JMeterMenuBar: setRunning(false, *local*)
2026-09-12 23:00:57,130 INFO o.a.j.e.StandardJMeterEngine: Running the test!
2026-09-12 23:00:57,131 INFO o.a.j.s.SampleEvent: List of sample_variables: []
2026-09-12 23:00:57,133 INFO o.a.j.g.u.JMeterMenuBar: setRunning(true, *local*)
2026-09-12 23:00:57,135 INFO o.a.j.e.StandardJMeterEngine: Starting setUp thread groups
2026-09-12 23:00:57,135 INFO o.a.j.e.StandardJMeterEngine: Starting setUp ThreadGroup: 1 : Setup - Generate API Keys 
2026-09-12 23:00:57,135 INFO o.a.j.e.StandardJMeterEngine: Starting 1 threads for group Setup - Generate API Keys.
2026-09-12 23:00:57,135 INFO o.a.j.e.StandardJMeterEngine: Thread will stop on error
2026-09-12 23:00:57,135 INFO o.a.j.t.ThreadGroup: Starting thread group... number=1 threads=1 ramp-up=1 delayedStart=false
2026-09-12 23:00:57,135 INFO o.a.j.t.ThreadGroup: Started thread group number 1
2026-09-12 23:00:57,135 INFO o.a.j.e.StandardJMeterEngine: Waiting for all setup thread groups to exit
2026-09-12 23:00:57,136 INFO o.a.j.t.JMeterThread: Thread started: Setup - Generate API Keys 1-1
2026-09-12 23:01:02,305 INFO o.a.j.t.JMeterThread: Thread is done: Setup - Generate API Keys 1-1
2026-09-12 23:01:02,305 INFO o.a.j.t.JMeterThread: Thread finished: Setup - Generate API Keys 1-1
2026-09-12 23:01:02,305 INFO o.a.j.e.StandardJMeterEngine: All Setup Threads have ended
2026-09-12 23:01:02,335 INFO o.a.j.e.StandardJMeterEngine: Starting ThreadGroup: 1 : Load Test Thread Group
2026-09-12 23:01:02,335 INFO o.a.j.e.StandardJMeterEngine: Starting 100 threads for group Load Test Thread Group.
2026-09-12 23:01:02,335 INFO o.a.j.e.StandardJMeterEngine: Thread will continue on error
2026-09-12 23:01:02,335 INFO o.a.j.t.ThreadGroup: Starting thread group... number=1 threads=100 ramp-up=10 delayedStart=false
2026-09-12 23:01:02,336 INFO o.a.j.t.JMeterThread: Thread started: Load Test Thread Group 1-1
2026-09-12 23:01:02,336 INFO o.a.j.s.FileServer: Stored: api_keys.csv
2026-09-12 23:01:02,345 INFO o.a.j.t.ThreadGroup: Started thread group number 1
2026-09-12 23:01:02,346 INFO o.a.j.e.StandardJMeterEngine: All thread groups have been started
2026-09-12 23:01:02,438 INFO o.a.j.t.JMeterThread: Thread started: Load Test Thread Group 1-2
2026-09-12 23:01:02,539 INFO o.a.j.t.JMeterThread: Thread started: Load Test Thread Group 1-3
2026-09-12 23:01:02,637 INFO o.a.j.t.JMeterThread: Thread started: Load Test Thread Group 1-4
2026-09-12 23:01:02,740 INFO o.a.j.t.JMeterThread: Thread started: Load Test Thread Group 1-5
2026-09-12 23:01:02,837 INFO o.a.j.t.JMeterThread: Thread started: Load Test Thread Group 1-6
2026-09-12 23:01:02,939 INFO o.a.j.t.JMeterThread: Thread started: Load Test Thread Group 1-7
2026-09-12 23:01:03,041 INFO o.a.j.t.JMeterThread: Thread started: Load Test Thread Group 1-8
2026-09-12 23:01:03,139 INFO o.a.j.t.JMeterThread: Thread started: Load Test Thread Group 1-9
2026-09-12 23:01:03,239 INFO o.a.j.t.JMeterThread: Thread started: Load Test Thread Group 1-10
2026-09-12 23:01:03,335 INFO o.a.j.t.JMeterThread: Thread started: Load Test Thread Group 1-11
2026-09-12 23:01:03,440 INFO o.a.j.t.JMeterThread: Thread started: Load Test Thread Group 1-12
2026-09-12 23:01:03,537 INFO o.a.j.t.JMeterThread: Thread started: Load Test Thread Group 1-13
2026-09-12 23:01:03,639 INFO o.a.j.t.JMeterThread: Thread started: Load Test Thread Group 1-14
2026-09-12 23:01:03,740 INFO o.a.j.t.JMeterThread: Thread started: Load Test Thread Group 1-15
2026-09-12 23:01:03,841 INFO o.a.j.t.JMeterThread: Thread started: Load Test Thread Group 1-16
2026-09-12 23:01:03,940 INFO o.a.j.t.JMeterThread: Thread started: Load Test Thread Group 1-17
2026-09-12 23:01:04,040 INFO o.a.j.t.JMeterThread: Thread started: Load Test Thread Group 1-18
2026-09-12 23:01:04,140 INFO o.a.j.t.JMeterThread: Thread started: Load Test Thread Group 1-19
2026-09-12 23:01:04,240 INFO o.a.j.t.JMeterThread: Thread started: Load Test Thread Group 1-20
2026-09-12 23:01:04,339 INFO o.a.j.t.JMeterThread: Thread started: Load Test Thread Group 1-21
2026-09-12 23:01:04,438 INFO o.a.j.t.JMeterThread: Thread started: Load Test Thread Group 1-22
2026-09-12 23:01:04,539 INFO o.a.j.t.JMeterThread: Thread started: Load Test Thread Group 1-23
2026-09-12 23:01:04,638 INFO o.a.j.t.JMeterThread: Thread started: Load Test Thread Group 1-24
2026-09-12 23:01:04,737 INFO o.a.j.t.JMeterThread: Thread started: Load Test Thread Group 1-25
2026-09-12 23:01:04,839 INFO o.a.j.t.JMeterThread: Thread started: Load Test Thread Group 1-26
2026-09-12 23:01:04,941 INFO o.a.j.t.JMeterThread: Thread started: Load Test Thread Group 1-27
2026-09-12 23:01:05,037 INFO o.a.j.t.JMeterThread: Thread started: Load Test Thread Group 1-28
2026-09-12 23:01:05,139 INFO o.a.j.t.JMeterThread: Thread started: Load Test Thread Group 1-29
2026-09-12 23:01:05,239 INFO o.a.j.t.JMeterThread: Thread started: Load Test Thread Group 1-30
2026-09-12 23:01:05,338 INFO o.a.j.t.JMeterThread: Thread started: Load Test Thread Group 1-31
2026-09-12 23:01:05,438 INFO o.a.j.t.JMeterThread: Thread started: Load Test Thread Group 1-32
2026-09-12 23:01:05,537 INFO o.a.j.t.JMeterThread: Thread started: Load Test Thread Group 1-33
2026-09-12 23:01:05,638 INFO o.a.j.t.JMeterThread: Thread started: Load Test Thread Group 1-34
2026-09-12 23:01:05,740 INFO o.a.j.t.JMeterThread: Thread started: Load Test Thread Group 1-35
2026-09-12 23:01:05,837 INFO o.a.j.t.JMeterThread: Thread started: Load Test Thread Group 1-36
2026-09-12 23:01:05,936 INFO o.a.j.t.JMeterThread: Thread started: Load Test Thread Group 1-37
2026-09-12 23:01:06,038 INFO o.a.j.t.JMeterThread: Thread started: Load Test Thread Group 1-38
2026-09-12 23:01:06,139 INFO o.a.j.t.JMeterThread: Thread started: Load Test Thread Group 1-39
2026-09-12 23:01:06,237 INFO o.a.j.t.JMeterThread: Thread started: Load Test Thread Group 1-40
2026-09-12 23:01:06,339 INFO o.a.j.t.JMeterThread: Thread started: Load Test Thread Group 1-41
2026-09-12 23:01:06,437 INFO o.a.j.t.JMeterThread: Thread started: Load Test Thread Group 1-42
2026-09-12 23:01:06,539 INFO o.a.j.t.JMeterThread: Thread started: Load Test Thread Group 1-43
2026-09-12 23:01:06,635 INFO o.a.j.t.JMeterThread: Thread started: Load Test Thread Group 1-44
2026-09-12 23:01:06,736 INFO o.a.j.t.JMeterThread: Thread started: Load Test Thread Group 1-45
2026-09-12 23:01:06,840 INFO o.a.j.t.JMeterThread: Thread started: Load Test Thread Group 1-46
2026-09-12 23:01:06,936 INFO o.a.j.t.JMeterThread: Thread started: Load Test Thread Group 1-47
2026-09-12 23:01:07,040 INFO o.a.j.t.JMeterThread: Thread started: Load Test Thread Group 1-48
2026-09-12 23:01:07,140 INFO o.a.j.t.JMeterThread: Thread started: Load Test Thread Group 1-49
2026-09-12 23:01:07,237 INFO o.a.j.t.JMeterThread: Thread started: Load Test Thread Group 1-50
2026-09-12 23:01:07,337 INFO o.a.j.t.JMeterThread: Thread started: Load Test Thread Group 1-51
2026-09-12 23:01:07,439 INFO o.a.j.t.JMeterThread: Thread started: Load Test Thread Group 1-52
2026-09-12 23:01:07,541 INFO o.a.j.t.JMeterThread: Thread started: Load Test Thread Group 1-53
2026-09-12 23:01:07,635 INFO o.a.j.t.JMeterThread: Thread started: Load Test Thread Group 1-54
2026-09-12 23:01:07,736 INFO o.a.j.t.JMeterThread: Thread started: Load Test Thread Group 1-55
2026-09-12 23:01:07,836 INFO o.a.j.t.JMeterThread: Thread started: Load Test Thread Group 1-56
2026-09-12 23:01:07,941 INFO o.a.j.t.JMeterThread: Thread started: Load Test Thread Group 1-57
2026-09-12 23:01:08,040 INFO o.a.j.t.JMeterThread: Thread started: Load Test Thread Group 1-58
2026-09-12 23:01:08,139 INFO o.a.j.t.JMeterThread: Thread started: Load Test Thread Group 1-59
2026-09-12 23:01:08,238 INFO o.a.j.t.JMeterThread: Thread started: Load Test Thread Group 1-60
2026-09-12 23:01:08,340 INFO o.a.j.t.JMeterThread: Thread started: Load Test Thread Group 1-61
2026-09-12 23:01:08,436 INFO o.a.j.t.JMeterThread: Thread started: Load Test Thread Group 1-62
2026-09-12 23:01:08,536 INFO o.a.j.t.JMeterThread: Thread started: Load Test Thread Group 1-63
2026-09-12 23:01:08,637 INFO o.a.j.t.JMeterThread: Thread started: Load Test Thread Group 1-64
2026-09-12 23:01:08,740 INFO o.a.j.t.JMeterThread: Thread started: Load Test Thread Group 1-65
2026-09-12 23:01:08,840 INFO o.a.j.t.JMeterThread: Thread started: Load Test Thread Group 1-66
2026-09-12 23:01:08,937 INFO o.a.j.t.JMeterThread: Thread started: Load Test Thread Group 1-67
2026-09-12 23:01:09,039 INFO o.a.j.t.JMeterThread: Thread started: Load Test Thread Group 1-68
2026-09-12 23:01:09,140 INFO o.a.j.t.JMeterThread: Thread started: Load Test Thread Group 1-69
2026-09-12 23:01:09,237 INFO o.a.j.t.JMeterThread: Thread started: Load Test Thread Group 1-70
2026-09-12 23:01:09,336 INFO o.a.j.t.JMeterThread: Thread started: Load Test Thread Group 1-71
2026-09-12 23:01:09,437 INFO o.a.j.t.JMeterThread: Thread started: Load Test Thread Group 1-72
2026-09-12 23:01:09,536 INFO o.a.j.t.JMeterThread: Thread started: Load Test Thread Group 1-73
2026-09-12 23:01:09,635 INFO o.a.j.t.JMeterThread: Thread started: Load Test Thread Group 1-74
2026-09-12 23:01:09,741 INFO o.a.j.t.JMeterThread: Thread started: Load Test Thread Group 1-75
2026-09-12 23:01:09,836 INFO o.a.j.t.JMeterThread: Thread started: Load Test Thread Group 1-76
2026-09-12 23:01:09,938 INFO o.a.j.t.JMeterThread: Thread started: Load Test Thread Group 1-77
2026-09-12 23:01:10,036 INFO o.a.j.t.JMeterThread: Thread started: Load Test Thread Group 1-78
2026-09-12 23:01:10,139 INFO o.a.j.t.JMeterThread: Thread started: Load Test Thread Group 1-79
2026-09-12 23:01:10,236 INFO o.a.j.t.JMeterThread: Thread started: Load Test Thread Group 1-80
2026-09-12 23:01:10,338 INFO o.a.j.t.JMeterThread: Thread started: Load Test Thread Group 1-81
2026-09-12 23:01:10,439 INFO o.a.j.t.JMeterThread: Thread started: Load Test Thread Group 1-82
2026-09-12 23:01:10,536 INFO o.a.j.t.JMeterThread: Thread started: Load Test Thread Group 1-83
2026-09-12 23:01:10,640 INFO o.a.j.t.JMeterThread: Thread started: Load Test Thread Group 1-84
2026-09-12 23:01:10,736 INFO o.a.j.t.JMeterThread: Thread started: Load Test Thread Group 1-85
2026-09-12 23:01:10,840 INFO o.a.j.t.JMeterThread: Thread started: Load Test Thread Group 1-86
2026-09-12 23:01:10,939 INFO o.a.j.t.JMeterThread: Thread started: Load Test Thread Group 1-87
2026-09-12 23:01:11,037 INFO o.a.j.t.JMeterThread: Thread started: Load Test Thread Group 1-88
2026-09-12 23:01:11,141 INFO o.a.j.t.JMeterThread: Thread started: Load Test Thread Group 1-89
2026-09-12 23:01:11,240 INFO o.a.j.t.JMeterThread: Thread started: Load Test Thread Group 1-90
2026-09-12 23:01:11,338 INFO o.a.j.t.JMeterThread: Thread started: Load Test Thread Group 1-91
2026-09-12 23:01:11,436 INFO o.a.j.t.JMeterThread: Thread started: Load Test Thread Group 1-92
2026-09-12 23:01:11,539 INFO o.a.j.t.JMeterThread: Thread started: Load Test Thread Group 1-93
2026-09-12 23:01:11,640 INFO o.a.j.t.JMeterThread: Thread started: Load Test Thread Group 1-94
2026-09-12 23:01:11,740 INFO o.a.j.t.JMeterThread: Thread started: Load Test Thread Group 1-95
2026-09-12 23:01:11,841 INFO o.a.j.t.JMeterThread: Thread started: Load Test Thread Group 1-96
2026-09-12 23:01:11,941 INFO o.a.j.t.JMeterThread: Thread started: Load Test Thread Group 1-97
2026-09-12 23:01:12,036 INFO o.a.j.t.JMeterThread: Thread started: Load Test Thread Group 1-98
2026-09-12 23:01:12,136 INFO o.a.j.t.JMeterThread: Thread started: Load Test Thread Group 1-99
2026-09-12 23:01:12,239 INFO o.a.j.t.JMeterThread: Thread started: Load Test Thread Group 1-100
2026-09-12 23:02:01,893 INFO o.a.j.t.JMeterThread: Thread is done: Load Test Thread Group 1-19
2026-09-12 23:02:01,893 INFO o.a.j.t.JMeterThread: Thread finished: Load Test Thread Group 1-19
2026-09-12 23:02:01,915 INFO o.a.j.t.JMeterThread: Thread is done: Load Test Thread Group 1-7
2026-09-12 23:02:01,915 INFO o.a.j.t.JMeterThread: Thread finished: Load Test Thread Group 1-7
2026-09-12 23:02:01,935 INFO o.a.j.t.JMeterThread: Thread is done: Load Test Thread Group 1-21
2026-09-12 23:02:01,935 INFO o.a.j.t.JMeterThread: Thread finished: Load Test Thread Group 1-21
2026-09-12 23:02:01,936 INFO o.a.j.t.JMeterThread: Thread is done: Load Test Thread Group 1-6
2026-09-12 23:02:01,936 INFO o.a.j.t.JMeterThread: Thread finished: Load Test Thread Group 1-6
2026-09-12 23:02:01,940 INFO o.a.j.t.JMeterThread: Thread is done: Load Test Thread Group 1-16
2026-09-12 23:02:01,940 INFO o.a.j.t.JMeterThread: Thread finished: Load Test Thread Group 1-16
2026-09-12 23:02:01,942 INFO o.a.j.t.JMeterThread: Thread is done: Load Test Thread Group 1-45
2026-09-12 23:02:01,942 INFO o.a.j.t.JMeterThread: Thread finished: Load Test Thread Group 1-45
2026-09-12 23:02:01,955 INFO o.a.j.t.JMeterThread: Thread is done: Load Test Thread Group 1-11
2026-09-12 23:02:01,955 INFO o.a.j.t.JMeterThread: Thread finished: Load Test Thread Group 1-11
2026-09-12 23:02:01,955 INFO o.a.j.t.JMeterThread: Thread is done: Load Test Thread Group 1-14
2026-09-12 23:02:01,955 INFO o.a.j.t.JMeterThread: Thread finished: Load Test Thread Group 1-14
2026-09-12 23:02:01,963 INFO o.a.j.t.JMeterThread: Thread is done: Load Test Thread Group 1-60
2026-09-12 23:02:01,964 INFO o.a.j.t.JMeterThread: Thread is done: Load Test Thread Group 1-32
2026-09-12 23:02:01,963 INFO o.a.j.t.JMeterThread: Thread is done: Load Test Thread Group 1-40
2026-09-12 23:02:01,964 INFO o.a.j.t.JMeterThread: Thread finished: Load Test Thread Group 1-60
2026-09-12 23:02:01,964 INFO o.a.j.t.JMeterThread: Thread finished: Load Test Thread Group 1-40
2026-09-12 23:02:01,964 INFO o.a.j.t.JMeterThread: Thread finished: Load Test Thread Group 1-32
2026-09-12 23:02:01,965 INFO o.a.j.t.JMeterThread: Thread is done: Load Test Thread Group 1-29
2026-09-12 23:02:01,965 INFO o.a.j.t.JMeterThread: Thread finished: Load Test Thread Group 1-29
2026-09-12 23:02:01,966 INFO o.a.j.t.JMeterThread: Thread is done: Load Test Thread Group 1-5
2026-09-12 23:02:01,966 INFO o.a.j.t.JMeterThread: Thread finished: Load Test Thread Group 1-5
2026-09-12 23:02:01,971 INFO o.a.j.t.JMeterThread: Thread is done: Load Test Thread Group 1-8
2026-09-12 23:02:01,971 INFO o.a.j.t.JMeterThread: Thread finished: Load Test Thread Group 1-8
2026-09-12 23:02:01,972 INFO o.a.j.t.JMeterThread: Thread is done: Load Test Thread Group 1-35
2026-09-12 23:02:01,972 INFO o.a.j.t.JMeterThread: Thread finished: Load Test Thread Group 1-35
2026-09-12 23:02:01,974 INFO o.a.j.t.JMeterThread: Thread is done: Load Test Thread Group 1-20
2026-09-12 23:02:01,974 INFO o.a.j.t.JMeterThread: Thread is done: Load Test Thread Group 1-44
2026-09-12 23:02:01,974 INFO o.a.j.t.JMeterThread: Thread finished: Load Test Thread Group 1-20
2026-09-12 23:02:01,974 INFO o.a.j.t.JMeterThread: Thread finished: Load Test Thread Group 1-44
2026-09-12 23:02:01,976 INFO o.a.j.t.JMeterThread: Thread is done: Load Test Thread Group 1-12
2026-09-12 23:02:01,976 INFO o.a.j.t.JMeterThread: Thread finished: Load Test Thread Group 1-12
2026-09-12 23:02:01,977 INFO o.a.j.t.JMeterThread: Thread is done: Load Test Thread Group 1-4
2026-09-12 23:02:01,977 INFO o.a.j.t.JMeterThread: Thread finished: Load Test Thread Group 1-4
2026-09-12 23:02:01,980 INFO o.a.j.t.JMeterThread: Thread is done: Load Test Thread Group 1-38
2026-09-12 23:02:01,980 INFO o.a.j.t.JMeterThread: Thread finished: Load Test Thread Group 1-38
2026-09-12 23:02:01,981 INFO o.a.j.t.JMeterThread: Thread is done: Load Test Thread Group 1-28
2026-09-12 23:02:01,981 INFO o.a.j.t.JMeterThread: Thread finished: Load Test Thread Group 1-28
2026-09-12 23:02:01,981 INFO o.a.j.t.JMeterThread: Thread is done: Load Test Thread Group 1-22
2026-09-12 23:02:01,981 INFO o.a.j.t.JMeterThread: Thread finished: Load Test Thread Group 1-22
2026-09-12 23:02:01,985 INFO o.a.j.t.JMeterThread: Thread is done: Load Test Thread Group 1-61
2026-09-12 23:02:01,985 INFO o.a.j.t.JMeterThread: Thread finished: Load Test Thread Group 1-61
2026-09-12 23:02:01,986 INFO o.a.j.t.JMeterThread: Thread is done: Load Test Thread Group 1-1
2026-09-12 23:02:01,987 INFO o.a.j.t.JMeterThread: Thread finished: Load Test Thread Group 1-1
2026-09-12 23:02:01,987 INFO o.a.j.t.JMeterThread: Thread is done: Load Test Thread Group 1-27
2026-09-12 23:02:01,987 INFO o.a.j.t.JMeterThread: Thread finished: Load Test Thread Group 1-27
2026-09-12 23:02:01,987 INFO o.a.j.t.JMeterThread: Thread is done: Load Test Thread Group 1-23
2026-09-12 23:02:01,987 INFO o.a.j.t.JMeterThread: Thread finished: Load Test Thread Group 1-23
2026-09-12 23:02:01,990 INFO o.a.j.t.JMeterThread: Thread is done: Load Test Thread Group 1-57
2026-09-12 23:02:01,990 INFO o.a.j.t.JMeterThread: Thread finished: Load Test Thread Group 1-57
2026-09-12 23:02:01,993 INFO o.a.j.t.JMeterThread: Thread is done: Load Test Thread Group 1-56
2026-09-12 23:02:01,993 INFO o.a.j.t.JMeterThread: Thread is done: Load Test Thread Group 1-17
2026-09-12 23:02:01,993 INFO o.a.j.t.JMeterThread: Thread is done: Load Test Thread Group 1-18
2026-09-12 23:02:01,993 INFO o.a.j.t.JMeterThread: Thread finished: Load Test Thread Group 1-56
2026-09-12 23:02:01,993 INFO o.a.j.t.JMeterThread: Thread finished: Load Test Thread Group 1-18
2026-09-12 23:02:01,993 INFO o.a.j.t.JMeterThread: Thread finished: Load Test Thread Group 1-17
2026-09-12 23:02:01,993 INFO o.a.j.t.JMeterThread: Thread is done: Load Test Thread Group 1-71
2026-09-12 23:02:01,993 INFO o.a.j.t.JMeterThread: Thread finished: Load Test Thread Group 1-71
2026-09-12 23:02:02,409 INFO o.a.j.t.JMeterThread: Thread is done: Load Test Thread Group 1-50
2026-09-12 23:02:02,409 INFO o.a.j.t.JMeterThread: Thread finished: Load Test Thread Group 1-50
2026-09-12 23:02:02,410 INFO o.a.j.t.JMeterThread: Thread is done: Load Test Thread Group 1-49
2026-09-12 23:02:02,410 INFO o.a.j.t.JMeterThread: Thread finished: Load Test Thread Group 1-49
2026-09-12 23:02:02,413 INFO o.a.j.t.JMeterThread: Thread is done: Load Test Thread Group 1-36
2026-09-12 23:02:02,413 INFO o.a.j.t.JMeterThread: Thread finished: Load Test Thread Group 1-36
2026-09-12 23:02:02,416 INFO o.a.j.t.JMeterThread: Thread is done: Load Test Thread Group 1-37
2026-09-12 23:02:02,417 INFO o.a.j.t.JMeterThread: Thread finished: Load Test Thread Group 1-37
2026-09-12 23:02:02,421 INFO o.a.j.t.JMeterThread: Thread is done: Load Test Thread Group 1-9
2026-09-12 23:02:02,421 INFO o.a.j.t.JMeterThread: Thread finished: Load Test Thread Group 1-9
2026-09-12 23:02:02,442 INFO o.a.j.t.JMeterThread: Thread is done: Load Test Thread Group 1-82
2026-09-12 23:02:02,442 INFO o.a.j.t.JMeterThread: Thread finished: Load Test Thread Group 1-82
2026-09-12 23:02:02,448 INFO o.a.j.t.JMeterThread: Thread is done: Load Test Thread Group 1-41
2026-09-12 23:02:02,449 INFO o.a.j.t.JMeterThread: Thread finished: Load Test Thread Group 1-41
2026-09-12 23:02:02,450 INFO o.a.j.t.JMeterThread: Thread is done: Load Test Thread Group 1-10
2026-09-12 23:02:02,450 INFO o.a.j.t.JMeterThread: Thread finished: Load Test Thread Group 1-10
2026-09-12 23:02:02,450 INFO o.a.j.t.JMeterThread: Thread is done: Load Test Thread Group 1-46
2026-09-12 23:02:02,450 INFO o.a.j.t.JMeterThread: Thread is done: Load Test Thread Group 1-34
2026-09-12 23:02:02,450 INFO o.a.j.t.JMeterThread: Thread is done: Load Test Thread Group 1-55
2026-09-12 23:02:02,450 INFO o.a.j.t.JMeterThread: Thread finished: Load Test Thread Group 1-34
2026-09-12 23:02:02,450 INFO o.a.j.t.JMeterThread: Thread is done: Load Test Thread Group 1-52
2026-09-12 23:02:02,450 INFO o.a.j.t.JMeterThread: Thread finished: Load Test Thread Group 1-55
2026-09-12 23:02:02,450 INFO o.a.j.t.JMeterThread: Thread finished: Load Test Thread Group 1-46
2026-09-12 23:02:02,450 INFO o.a.j.t.JMeterThread: Thread finished: Load Test Thread Group 1-52
2026-09-12 23:02:02,455 INFO o.a.j.t.JMeterThread: Thread is done: Load Test Thread Group 1-70
2026-09-12 23:02:02,455 INFO o.a.j.t.JMeterThread: Thread finished: Load Test Thread Group 1-70
2026-09-12 23:02:02,457 INFO o.a.j.t.JMeterThread: Thread is done: Load Test Thread Group 1-68
2026-09-12 23:02:02,457 INFO o.a.j.t.JMeterThread: Thread is done: Load Test Thread Group 1-58
2026-09-12 23:02:02,457 INFO o.a.j.t.JMeterThread: Thread finished: Load Test Thread Group 1-68
2026-09-12 23:02:02,457 INFO o.a.j.t.JMeterThread: Thread finished: Load Test Thread Group 1-58
2026-09-12 23:02:02,457 INFO o.a.j.t.JMeterThread: Thread is done: Load Test Thread Group 1-69
2026-09-12 23:02:02,457 INFO o.a.j.t.JMeterThread: Thread finished: Load Test Thread Group 1-69
2026-09-12 23:02:02,457 INFO o.a.j.t.JMeterThread: Thread is done: Load Test Thread Group 1-15
2026-09-12 23:02:02,457 INFO o.a.j.t.JMeterThread: Thread finished: Load Test Thread Group 1-15
2026-09-12 23:02:02,458 INFO o.a.j.t.JMeterThread: Thread is done: Load Test Thread Group 1-33
2026-09-12 23:02:02,458 INFO o.a.j.t.JMeterThread: Thread finished: Load Test Thread Group 1-33
2026-09-12 23:02:02,459 INFO o.a.j.t.JMeterThread: Thread is done: Load Test Thread Group 1-62
2026-09-12 23:02:02,459 INFO o.a.j.t.JMeterThread: Thread finished: Load Test Thread Group 1-62
2026-09-12 23:02:02,460 INFO o.a.j.t.JMeterThread: Thread is done: Load Test Thread Group 1-25
2026-09-12 23:02:02,460 INFO o.a.j.t.JMeterThread: Thread finished: Load Test Thread Group 1-25
2026-09-12 23:02:02,461 INFO o.a.j.t.JMeterThread: Thread is done: Load Test Thread Group 1-24
2026-09-12 23:02:02,461 INFO o.a.j.t.JMeterThread: Thread finished: Load Test Thread Group 1-24
2026-09-12 23:02:02,461 INFO o.a.j.t.JMeterThread: Thread is done: Load Test Thread Group 1-42
2026-09-12 23:02:02,461 INFO o.a.j.t.JMeterThread: Thread finished: Load Test Thread Group 1-42
2026-09-12 23:02:02,465 INFO o.a.j.t.JMeterThread: Thread is done: Load Test Thread Group 1-2
2026-09-12 23:02:02,465 INFO o.a.j.t.JMeterThread: Thread is done: Load Test Thread Group 1-83
2026-09-12 23:02:02,465 INFO o.a.j.t.JMeterThread: Thread finished: Load Test Thread Group 1-2
2026-09-12 23:02:02,465 INFO o.a.j.t.JMeterThread: Thread finished: Load Test Thread Group 1-83
2026-09-12 23:02:02,466 INFO o.a.j.t.JMeterThread: Thread is done: Load Test Thread Group 1-97
2026-09-12 23:02:02,466 INFO o.a.j.t.JMeterThread: Thread is done: Load Test Thread Group 1-81
2026-09-12 23:02:02,466 INFO o.a.j.t.JMeterThread: Thread finished: Load Test Thread Group 1-81
2026-09-12 23:02:02,466 INFO o.a.j.t.JMeterThread: Thread finished: Load Test Thread Group 1-97
2026-09-12 23:02:02,466 INFO o.a.j.t.JMeterThread: Thread is done: Load Test Thread Group 1-3
2026-09-12 23:02:02,466 INFO o.a.j.t.JMeterThread: Thread finished: Load Test Thread Group 1-3
2026-09-12 23:02:02,467 INFO o.a.j.t.JMeterThread: Thread is done: Load Test Thread Group 1-72
2026-09-12 23:02:02,467 INFO o.a.j.t.JMeterThread: Thread finished: Load Test Thread Group 1-72
2026-09-12 23:02:02,471 INFO o.a.j.t.JMeterThread: Thread is done: Load Test Thread Group 1-26
2026-09-12 23:02:02,472 INFO o.a.j.t.JMeterThread: Thread finished: Load Test Thread Group 1-26
2026-09-12 23:02:02,472 INFO o.a.j.t.JMeterThread: Thread is done: Load Test Thread Group 1-64
2026-09-12 23:02:02,472 INFO o.a.j.t.JMeterThread: Thread finished: Load Test Thread Group 1-64
2026-09-12 23:02:02,472 INFO o.a.j.t.JMeterThread: Thread is done: Load Test Thread Group 1-30
2026-09-12 23:02:02,472 INFO o.a.j.t.JMeterThread: Thread finished: Load Test Thread Group 1-30
2026-09-12 23:02:02,472 INFO o.a.j.t.JMeterThread: Thread is done: Load Test Thread Group 1-51
2026-09-12 23:02:02,472 INFO o.a.j.t.JMeterThread: Thread is done: Load Test Thread Group 1-77
2026-09-12 23:02:02,472 INFO o.a.j.t.JMeterThread: Thread finished: Load Test Thread Group 1-51
2026-09-12 23:02:02,472 INFO o.a.j.t.JMeterThread: Thread finished: Load Test Thread Group 1-77
2026-09-12 23:02:02,475 INFO o.a.j.t.JMeterThread: Thread is done: Load Test Thread Group 1-95
2026-09-12 23:02:02,475 INFO o.a.j.t.JMeterThread: Thread finished: Load Test Thread Group 1-95
2026-09-12 23:02:02,475 INFO o.a.j.t.JMeterThread: Thread is done: Load Test Thread Group 1-91
2026-09-12 23:02:02,476 INFO o.a.j.t.JMeterThread: Thread finished: Load Test Thread Group 1-91
2026-09-12 23:02:02,476 INFO o.a.j.t.JMeterThread: Thread is done: Load Test Thread Group 1-63
2026-09-12 23:02:02,476 INFO o.a.j.t.JMeterThread: Thread finished: Load Test Thread Group 1-63
2026-09-12 23:02:02,477 INFO o.a.j.t.JMeterThread: Thread is done: Load Test Thread Group 1-39
2026-09-12 23:02:02,477 INFO o.a.j.t.JMeterThread: Thread finished: Load Test Thread Group 1-39
2026-09-12 23:02:02,478 INFO o.a.j.t.JMeterThread: Thread is done: Load Test Thread Group 1-54
2026-09-12 23:02:02,478 INFO o.a.j.t.JMeterThread: Thread finished: Load Test Thread Group 1-54
2026-09-12 23:02:02,479 INFO o.a.j.t.JMeterThread: Thread is done: Load Test Thread Group 1-92
2026-09-12 23:02:02,479 INFO o.a.j.t.JMeterThread: Thread is done: Load Test Thread Group 1-86
2026-09-12 23:02:02,480 INFO o.a.j.t.JMeterThread: Thread finished: Load Test Thread Group 1-86
2026-09-12 23:02:02,480 INFO o.a.j.t.JMeterThread: Thread is done: Load Test Thread Group 1-13
2026-09-12 23:02:02,480 INFO o.a.j.t.JMeterThread: Thread finished: Load Test Thread Group 1-13
2026-09-12 23:02:02,479 INFO o.a.j.t.JMeterThread: Thread finished: Load Test Thread Group 1-92
2026-09-12 23:02:02,481 INFO o.a.j.t.JMeterThread: Thread is done: Load Test Thread Group 1-79
2026-09-12 23:02:02,481 INFO o.a.j.t.JMeterThread: Thread finished: Load Test Thread Group 1-79
2026-09-12 23:02:02,484 INFO o.a.j.t.JMeterThread: Thread is done: Load Test Thread Group 1-47
2026-09-12 23:02:02,484 INFO o.a.j.t.JMeterThread: Thread finished: Load Test Thread Group 1-47
2026-09-12 23:02:02,484 INFO o.a.j.t.JMeterThread: Thread is done: Load Test Thread Group 1-31
2026-09-12 23:02:02,484 INFO o.a.j.t.JMeterThread: Thread finished: Load Test Thread Group 1-31
2026-09-12 23:02:02,488 INFO o.a.j.t.JMeterThread: Thread is done: Load Test Thread Group 1-76
2026-09-12 23:02:02,488 INFO o.a.j.t.JMeterThread: Thread is done: Load Test Thread Group 1-53
2026-09-12 23:02:02,488 INFO o.a.j.t.JMeterThread: Thread is done: Load Test Thread Group 1-78
2026-09-12 23:02:02,488 INFO o.a.j.t.JMeterThread: Thread finished: Load Test Thread Group 1-76
2026-09-12 23:02:02,488 INFO o.a.j.t.JMeterThread: Thread finished: Load Test Thread Group 1-78
2026-09-12 23:02:02,488 INFO o.a.j.t.JMeterThread: Thread finished: Load Test Thread Group 1-53
2026-09-12 23:02:02,488 INFO o.a.j.t.JMeterThread: Thread is done: Load Test Thread Group 1-75
2026-09-12 23:02:02,488 INFO o.a.j.t.JMeterThread: Thread is done: Load Test Thread Group 1-48
2026-09-12 23:02:02,488 INFO o.a.j.t.JMeterThread: Thread finished: Load Test Thread Group 1-48
2026-09-12 23:02:02,488 INFO o.a.j.t.JMeterThread: Thread finished: Load Test Thread Group 1-75
2026-09-12 23:02:02,489 INFO o.a.j.t.JMeterThread: Thread is done: Load Test Thread Group 1-90
2026-09-12 23:02:02,489 INFO o.a.j.t.JMeterThread: Thread finished: Load Test Thread Group 1-90
2026-09-12 23:02:02,489 INFO o.a.j.t.JMeterThread: Thread is done: Load Test Thread Group 1-87
2026-09-12 23:02:02,489 INFO o.a.j.t.JMeterThread: Thread is done: Load Test Thread Group 1-88
2026-09-12 23:02:02,489 INFO o.a.j.t.JMeterThread: Thread finished: Load Test Thread Group 1-87
2026-09-12 23:02:02,489 INFO o.a.j.t.JMeterThread: Thread finished: Load Test Thread Group 1-88
2026-09-12 23:02:02,490 INFO o.a.j.t.JMeterThread: Thread is done: Load Test Thread Group 1-94
2026-09-12 23:02:02,490 INFO o.a.j.t.JMeterThread: Thread is done: Load Test Thread Group 1-74
2026-09-12 23:02:02,490 INFO o.a.j.t.JMeterThread: Thread finished: Load Test Thread Group 1-94
2026-09-12 23:02:02,490 INFO o.a.j.t.JMeterThread: Thread finished: Load Test Thread Group 1-74
2026-09-12 23:02:02,491 INFO o.a.j.t.JMeterThread: Thread is done: Load Test Thread Group 1-59
2026-09-12 23:02:02,491 INFO o.a.j.t.JMeterThread: Thread finished: Load Test Thread Group 1-59
2026-09-12 23:02:02,491 INFO o.a.j.t.JMeterThread: Thread is done: Load Test Thread Group 1-66
2026-09-12 23:02:02,491 INFO o.a.j.t.JMeterThread: Thread finished: Load Test Thread Group 1-66
2026-09-12 23:02:02,494 INFO o.a.j.t.JMeterThread: Thread is done: Load Test Thread Group 1-84
2026-09-12 23:02:02,494 INFO o.a.j.t.JMeterThread: Thread finished: Load Test Thread Group 1-84
2026-09-12 23:02:02,494 INFO o.a.j.t.JMeterThread: Thread is done: Load Test Thread Group 1-80
2026-09-12 23:02:02,494 INFO o.a.j.t.JMeterThread: Thread finished: Load Test Thread Group 1-80
2026-09-12 23:02:02,496 INFO o.a.j.t.JMeterThread: Thread is done: Load Test Thread Group 1-85
2026-09-12 23:02:02,496 INFO o.a.j.t.JMeterThread: Thread finished: Load Test Thread Group 1-85
2026-09-12 23:02:02,497 INFO o.a.j.t.JMeterThread: Thread is done: Load Test Thread Group 1-73
2026-09-12 23:02:02,497 INFO o.a.j.t.JMeterThread: Thread finished: Load Test Thread Group 1-73
2026-09-12 23:02:02,497 INFO o.a.j.t.JMeterThread: Thread is done: Load Test Thread Group 1-43
2026-09-12 23:02:02,497 INFO o.a.j.t.JMeterThread: Thread finished: Load Test Thread Group 1-43
2026-09-12 23:02:02,500 INFO o.a.j.t.JMeterThread: Thread is done: Load Test Thread Group 1-65
2026-09-12 23:02:02,500 INFO o.a.j.t.JMeterThread: Thread finished: Load Test Thread Group 1-65
2026-09-12 23:02:02,500 INFO o.a.j.t.JMeterThread: Thread is done: Load Test Thread Group 1-67
2026-09-12 23:02:02,500 INFO o.a.j.t.JMeterThread: Thread finished: Load Test Thread Group 1-67
2026-09-12 23:02:02,503 INFO o.a.j.t.JMeterThread: Thread is done: Load Test Thread Group 1-89
2026-09-12 23:02:02,503 INFO o.a.j.t.JMeterThread: Thread is done: Load Test Thread Group 1-98
2026-09-12 23:02:02,503 INFO o.a.j.t.JMeterThread: Thread finished: Load Test Thread Group 1-89
2026-09-12 23:02:02,503 INFO o.a.j.t.JMeterThread: Thread finished: Load Test Thread Group 1-98
2026-09-12 23:02:02,509 INFO o.a.j.t.JMeterThread: Thread is done: Load Test Thread Group 1-96
2026-09-12 23:02:02,509 INFO o.a.j.t.JMeterThread: Thread finished: Load Test Thread Group 1-96
2026-09-12 23:02:02,511 INFO o.a.j.t.JMeterThread: Thread is done: Load Test Thread Group 1-93
2026-09-12 23:02:02,511 INFO o.a.j.t.JMeterThread: Thread finished: Load Test Thread Group 1-93
2026-09-12 23:02:02,514 INFO o.a.j.t.JMeterThread: Thread is done: Load Test Thread Group 1-99
2026-09-12 23:02:02,514 INFO o.a.j.t.JMeterThread: Thread finished: Load Test Thread Group 1-99
2026-09-12 23:02:02,517 INFO o.a.j.t.JMeterThread: Thread is done: Load Test Thread Group 1-100
2026-09-12 23:02:02,517 INFO o.a.j.t.JMeterThread: Thread finished: Load Test Thread Group 1-100
2026-09-12 23:02:02,517 INFO o.a.j.e.StandardJMeterEngine: Notifying test listeners of end of test
2026-09-12 23:02:02,517 INFO o.a.j.s.FileServer: Close: api_keys.csv
2026-09-12 23:02:02,517 INFO o.a.j.g.u.JMeterMenuBar: setRunning(false, *local*)
